$ pnpm --filter @worldforge/domain build && pnpm --filter @worldforge/contracts build && pnpm --filter @worldforge/prompts build && pnpm --filter @worldforge/editor-core build && pnpm --filter @worldforge/core-service build && pnpm -r --if-present typecheck
$ tsc -p tsconfig.json
$ tsc -p tsconfig.json
$ tsc -p tsconfig.json
$ tsc -p tsconfig.json
$ tsc -p tsconfig.json
Scope: 10 of 11 workspace projects
packages/contracts typecheck$ tsc -p tsconfig.json --noEmit
packages/domain typecheck$ tsc -p tsconfig.json --noEmit
packages/editor-core typecheck$ tsc -p tsconfig.json --noEmit
packages/domain typecheck: Done
packages/editor-core typecheck: Done
packages/contracts typecheck: Done
apps/desktop/main typecheck$ tsc -p tsconfig.json --noEmit
apps/desktop/preload typecheck$ tsc -p tsconfig.json --noEmit
apps/desktop/renderer typecheck$ tsc -p tsconfig.json --noEmit
packages/prompts typecheck$ tsc -p tsconfig.json --noEmit
packages/prompts typecheck: Done
apps/desktop/preload typecheck: Done
apps/desktop/main typecheck: Done
apps/desktop/renderer typecheck: Done
packages/core-service typecheck$ tsc -p tsconfig.json --noEmit
packages/core-service typecheck: Done
packages/testkit typecheck$ tsc -p tsconfig.json --noEmit
packages/testkit typecheck: Done

[1m[30m[46m RUN [49m[39m[22m [36mv4.1.10 [39m[90m/home/runner/work/666/666[39m

 [32m✓[39m tests/unit/workspace-attention.test.ts [2m([22m[2m2 tests[22m[2m)[22m[32m 5[2mms[22m[39m
 [32m✓[39m tests/unit/ai-readiness.test.ts [2m([22m[2m2 tests[22m[2m)[22m[32m 5[2mms[22m[39m

[2m Test Files [22m [1m[32m2 passed[39m[22m[90m (2)[39m
[2m      Tests [22m [1m[32m4 passed[39m[22m[90m (4)[39m
[2m   Start at [22m 07:39:53
[2m   Duration [22m 206ms[2m (transform 75ms, setup 63ms, import 45ms, tests 10ms, environment 0ms)[22m

